---
source: src/buffer.rs
assertion_line: 385
expression: "pretty(&buffer.get_records(\"\".into(), 0, 1, None))"
---
{
  "next": 1,
  "records": [
    {
      "blockNumber": 0,
      "contract": "0x0101010101010101010101010101010101010101010101010101010101010101",
      "entry": "0x0101010101010101010101010101010101010101010101010101010101010101",
      "execMode": "query",
      "level": 0,
      "message": "hello",
      "sequence": 0,
      "timestamp": 1,
      "type": "Log"
    }
  ]
}
